52. Printing statistics.

=== Timer_PWM_Generator ===

   Number of wires:               1333
   Number of wire bits:           1645
   Number of public wires:          19
   Number of public wire bits:     207
   Number of ports:                 10
   Number of port bits:            105
   Number of memories:               0
   Number of memory bits:            0
   Number of processes:              0
   Number of cells:               1479
     $_ANDNOT_                     624
     $_AND_                         39
     $_DFFE_PP0P_                   32
     $_DFF_PP0_                     70
     $_MUX_                          2
     $_NAND_                        77
     $_NOR_                         50
     $_NOT_                          4
     $_ORNOT_                      159
     $_OR_                         112
     $_XNOR_                       107
     $_XOR_                        203

   Area for cell type $_NOT_ is unknown!
   Area for cell type $_AND_ is unknown!
   Area for cell type $_NAND_ is unknown!
   Area for cell type $_OR_ is unknown!
   Area for cell type $_NOR_ is unknown!
   Area for cell type $_XOR_ is unknown!
   Area for cell type $_XNOR_ is unknown!
   Area for cell type $_ANDNOT_ is unknown!
   Area for cell type $_ORNOT_ is unknown!
   Area for cell type $_MUX_ is unknown!
   Area for cell type $_DFF_PP0_ is unknown!
   Area for cell type $_DFFE_PP0P_ is unknown!

